// Jest Snapshot v1, https://goo.gl/fbAQLP

exports[`This suit is to test the LoadDecisionModal component Snapshot of LoadDecisionModal 1`] = `
<div
  aria-describedby="transition-modal-description"
  aria-labelledby="transition-modal-title"
  class="makeStyles-modal-1"
  id="load-decision-modal"
  role="presentation"
  style="position: fixed; z-index: 1300; right: 0px; bottom: 0px; top: 0px; left: 0px;"
>
  <div
    aria-hidden="true"
    class="MuiBackdrop-root"
    style="opacity: 1; webkit-transition: opacity 500ms cubic-bezier(0.4, 0, 0.2, 1) 0ms; transition: opacity 500ms cubic-bezier(0.4, 0, 0.2, 1) 0ms;"
  />
  <div
    data-test="sentinelStart"
    tabindex="0"
  />
  <div
    class="makeStyles-modalScreen-3"
    style="opacity: 1; webkit-transition: opacity 225ms cubic-bezier(0.4, 0, 0.2, 1) 0ms; transition: opacity 225ms cubic-bezier(0.4, 0, 0.2, 1) 0ms;"
    tabindex="-1"
  >
    <ul
      class="MuiList-root MuiList-padding"
    >
      <div
        class="loaded-decision-item-container"
        style="opacity: 1; transform: scale(1, 1); transition: opacity 1500ms cubic-bezier(0.4, 0, 0.2, 1) 0ms,transform 999ms cubic-bezier(0.4, 0, 0.2, 1) 0ms;"
      >
        <div
          aria-disabled="false"
          class="MuiButtonBase-root MuiListItem-root makeStyles-listItem-5 MuiListItem-gutters MuiListItem-button"
          role="button"
          tabindex="0"
        >
          <div
            class="MuiListItemText-root"
            id="decision-text"
          >
            <span
              class="MuiTypography-root MuiListItemText-primary MuiTypography-body1 MuiTypography-displayBlock"
            >
              What to eat?!
            </span>
          </div>
          <span
            class="MuiTouchRipple-root"
          />
        </div>
      </div>
    </ul>
    <button
      class="MuiButtonBase-root MuiButton-root MuiButton-contained makeStyles-loadDecision-4 MuiButton-containedPrimary Mui-disabled Mui-disabled"
      disabled=""
      id="load-decision-button"
      tabindex="-1"
      type="button"
    >
      <span
        class="MuiButton-label"
      >
        Load Decision
      </span>
    </button>
  </div>
  <div
    data-test="sentinelEnd"
    tabindex="0"
  />
</div>
`;
